data/runs/84410c28-43f5-41c2-bed1-fe17e6803656/panel.csv
t,firm_id,price,cost,quantity,profit
0,0,3.0,1.0,2500.0,5000.0
1,0,2.9542134793668438,0.9542134793668438,2507.9342850407743,5015.868570081549
2,0,3.038603738747513,1.038603738747513,2428.0288076851016,4856.057615370203
3,0,3.09177054255258,1.0917705425525803,2382.3605211783133,4764.721042356626
4,0,3.138652584984985,1.138652584984985,2303.4098399161894,4606.819679832379
5,0,3.070889082547386,1.070889082547386,2297.026973833322,4594.053947666644
6,0,2.924998793859544,0.9249987938595436,2479.4233001185266,4958.846600237053
7,0,2.9008856230115936,0.9008856230115936,2498.203575831421,4996.407151662842
8,0,2.8013496500011033,0.8013496500011034,2494.012015463121,4988.024030926242
9,0,2.9466778887720557,0.9466778887720557,2242.9699954797625,4485.939990959525
10,0,2.9465506088226556,0.9465506088226557,2204.305949366285,4408.61189873257
11,0,2.8824929736607956,0.8824929736607954,2215.2035571714114,4430.407114342823
12,0,2.70102345782582,0.70102345782582,2323.37078769946,4646.74157539892
13,0,2.7774484325995097,0.7774484325995098,2381.018265955665,4762.03653191133
14,0,2.898400463212167,0.8984004632121667,2192.937360209321,4385.874720418642
15,0,2.99631443576714,0.99631443576714,2068.478497929862,4136.956995859724
16,0,2.9598480262440097,0.9598480262440096,2068.0180206581895,4136.036041316379
17,0,3.0750687844881237,1.0750687844881237,1964.4588056207033,3928.9176112414066
18,0,3.153933779201612,1.1539337792016122,1946.3670721625817,3892.734144325163
19,0,3.1237886732096287,1.1237886732096285,1978.4493070665515,3956.898614133103
20,0,3.1002687910434594,1.1002687910434594,2086.222154413849,4172.444308827698
21,0,3.1405029392117347,1.1405029392117345,1973.7858697678007,3947.5717395356014
22,0,3.1394641266181322,1.1394641266181322,1899.2995791990763,3798.5991583981527
23,0,3.2187273808359267,1.2187273808359265,1748.480922664859,3496.961845329718
24,0,3.3185579952890585,1.3185579952890585,1676.7428348145127,3353.4856696290253
25,0,3.4122301337439325,1.4122301337439327,1569.7500567588538,3139.500113517707
26,0,3.3456296259343246,1.3456296259343246,1614.109815374936,3228.219630749872
27,0,3.3702698442358168,1.3702698442358165,1638.8685877568612,3277.7371755137224
28,0,3.458066790676645,1.4580667906766451,1555.7925771015339,3111.5851542030678
29,0,3.2962178536641646,1.2962178536641646,1566.2022171547721,3132.4044343095443
30,0,3.2059163496070964,1.2059163496070964,1663.7865149140637,3327.5730298281273
31,0,3.206014854583557,1.206014854583557,1647.992673654293,3295.985347308586
32,0,3.192786523483032,1.1927865234830322,1675.6860299351754,3351.3720598703503
33,0,3.1232237200917634,1.1232237200917636,1705.856243867052,3411.7124877341034
34,0,3.381577209924302,1.381577209924302,1659.6982750118564,3319.3965500237127
35,0,3.246827805966322,1.2468278059663216,1771.6173744458529,3543.2347488917057
36,0,3.1514939623068967,1.1514939623068965,1774.9562351346665,3549.912470269333
37,0,3.2641598119649093,1.2641598119649093,1670.8465974586632,3341.6931949173263
38,0,3.548393780559187,1.5483937805591872,1437.9971588238893,2875.994317647778
39,0,3.4538511021508853,1.4538511021508853,1517.7911853606943,3035.5823707213885
40,0,3.6063128336792607,1.6063128336792605,1407.2223436713186,2814.4446873426373
41,0,3.4779060511895112,1.4779060511895112,1554.1925525611816,3108.3851051223633
42,0,3.5128856860053594,1.5128856860053594,1487.302322390608,2974.604644781216
43,0,3.477024516471545,1.4770245164715452,1465.4505223828594,2930.901044765719
44,0,3.5898636570755547,1.5898636570755547,1384.860895944113,2769.721791888226
45,0,3.7172699656418784,1.7172699656418784,1314.1822717158084,2628.3645434316168
46,0,3.8142763192786164,1.8142763192786162,1277.6391959035595,2555.278391807119
47,0,3.825520726639125,1.8255207266391251,1359.8172606319367,2719.634521263873
48,0,3.578857642583074,1.578857642583074,1580.4216290364343,3160.8432580728686
49,0,3.539807813725481,1.539807813725481,1546.3497444001086,3092.6994888002173
50,0,3.5649668206836136,1.5649668206836136,1530.950765102532,3061.901530205064
51,0,3.323592213425428,1.3235922134254283,1681.1305179546634,3362.2610359093264
52,0,3.467463389754885,1.4674633897548852,1701.8884597453691,3403.7769194907382
53,0,3.477484778449221,1.4774847784492209,1743.5977258023267,3487.1954516046535
54,0,3.416827903389638,1.4168279033896378,1943.0935769048785,3886.187153809757
55,0,3.3637501289297638,1.3637501289297638,1994.2448159039832,3988.4896318079664
56,0,3.4495277631218038,1.4495277631218038,1993.0881928632236,3986.1763857264473
57,0,3.4425845643772193,1.4425845643772193,1965.7486995409047,3931.4973990818094
58,0,3.4876857253127485,1.4876857253127487,1959.9448898850117,3919.889779770023
59,0,3.424280804666764,1.4242808046667637,2079.6790575400637,4159.358115080127
60,0,3.5726322591122575,1.5726322591122575,1936.67724268618,3873.35448537236
61,0,3.5767599018245573,1.5767599018245573,1961.6282477856673,3923.2564955713347
62,0,3.6326807153687937,1.6326807153687937,1844.8201198726829,3689.6402397453658
63,0,3.6409584614006425,1.6409584614006425,1812.1277454264532,3624.2554908529064
64,0,3.693759522787542,1.6937595227875422,1737.0512635242117,3474.1025270484233
65,0,3.659057544326732,1.659057544326732,1735.1721376183964,3470.344275236793
66,0,3.6456980215646064,1.6456980215646062,1796.4468021806529,3592.8936043613057
67,0,3.5186678456586122,1.5186678456586122,1785.5072601875227,3571.0145203750453
68,0,3.5976682078812123,1.597668207881212,1704.9601484641446,3409.920296928289
69,0,3.488669779673324,1.4886697796733237,1740.5146926980253,3481.0293853960507
70,0,3.38518034607294,1.38518034607294,1880.225056008544,3760.450112017088
71,0,3.3351693165867506,1.3351693165867506,1849.6411257895747,3699.2822515791495
72,0,3.457314133458963,1.4573141334589632,1682.9423108953529,3365.8846217907058
73,0,3.5190180534215054,1.5190180534215056,1703.8604889517528,3407.720977903505
74,0,3.5474339887045896,1.5474339887045896,1736.8907421401498,3473.7814842802995
75,0,3.4118329517993766,1.4118329517993764,1825.8175409772784,3651.635081954557
76,0,3.524295839184893,1.524295839184893,1761.2820814544132,3522.5641629088263
77,0,3.4973524974798993,1.4973524974798993,1810.5745572969795,3621.149114593959
78,0,3.4524785919446295,1.4524785919446297,1923.961598752676,3847.9231975053517
79,0,3.4462983719435583,1.4462983719435583,1972.043122210195,3944.08624442039
80,0,3.2940382778506874,1.2940382778506874,2144.5311480281903,4289.062296056381
81,0,3.2487195908744617,1.2487195908744617,2261.696246424298,4523.392492848596
82,0,3.2227945306306096,1.2227945306306096,2317.2289756284677,4634.457951256935
83,0,3.218188049815981,1.2181880498159814,2335.722194718881,4671.444389437761
84,0,3.1375985814803258,1.1375985814803258,2429.1968072550767,4858.393614510153
85,0,3.172225824955076,1.1722258249550757,2215.292536104374,4430.585072208748
86,0,3.0970878525742096,1.0970878525742094,2351.6352790767933,4703.2705581535865
87,0,3.1407109005384832,1.140710900538483,2220.177388491842,4440.354776983684
88,0,3.061508306996516,1.061508306996516,2200.8673997800634,4401.734799560127
89,0,3.058793355757511,1.0587933557575113,2240.2951295187886,4480.590259037576
90,0,3.146766568185442,1.146766568185442,2048.70332976657,4097.40665953314
91,0,3.1210823305590933,1.1210823305590933,2006.4617889247788,4012.9235778495577
92,0,3.047685914681626,1.0476859146816258,2098.9923093417447,4197.984618683489
93,0,3.08084463626893,1.08084463626893,2109.9486612864466,4219.897322572893
94,0,3.3484305083487236,1.3484305083487236,1890.0761250802163,3780.1522501604327
95,0,3.357884561275719,1.357884561275719,2056.7185106218826,4113.437021243765
96,0,3.384916618851575,1.384916618851575,2118.245546130596,4236.491092261192
97,0,3.333781918149258,1.3337819181492583,1978.2191119478803,3956.43822389576
98,0,3.3664140132143965,1.3664140132143963,1989.3678989280686,3978.735797856137
99,0,3.364152415081005,1.3641524150810047,1957.9343202095579,3915.8686404191158
0,1,3.0,1.0,2500.0,5000.0
1,1,2.9377141317847917,0.9377141317847915,2528.7095013353974,5057.419002670795
2,1,2.9228642629693895,0.9228642629693894,2572.683392523113,5145.366785046226
3,1,2.9918449929563646,0.9918449929563644,2504.4135280276546,5008.827056055309
4,1,2.99006623011135,0.99006623011135,2481.0546741020294,4962.109348204059
5,1,2.9673446968597315,0.9673446968597313,2419.081347317409,4838.162694634818
6,1,2.973720435201465,0.9737204352014649,2419.752282169898,4839.504564339796
7,1,3.0477251248817865,1.0477251248817867,2321.357521146507,4642.7150422930135
8,1,2.895502059385583,0.8955020593855832,2379.3241108219936,4758.648221643987
9,1,2.8726629870487486,0.8726629870487485,2327.5316523104716,4655.063304620943
10,1,2.833969875261886,0.8339698752618859,2331.9458876190265,4663.891775238053
11,1,2.749446720104716,0.7494467201047162,2367.577843199401,4735.155686398802
12,1,2.6348277533450304,0.6348277533450302,2401.5561166335715,4803.112233267143
13,1,2.680563436309399,0.680563436309399,2499.200141217483,4998.400282434966
14,1,2.494479620300396,0.4944796203003962,2683.715800538959,5367.431601077917
15,1,2.5170974717317085,0.5170974717317084,2628.522217751792,5257.044435503584
16,1,2.4352214026601846,0.4352214026601847,2688.2864479787095,5376.572895957419
17,1,2.4996615233191237,0.4996615233191236,2619.3348748544713,5238.669749708943
18,1,2.500335156586978,0.5003351565869778,2698.6830812809703,5397.366162561941
19,1,2.5196710885343756,0.5196710885343757,2676.131153129763,5352.262306259526
20,1,2.6689586372408742,0.6689586372408741,2588.3223528139733,5176.644705627947
21,1,2.528180773678735,0.5281807736787354,2680.7980836523107,5361.59616730462
22,1,2.58360600085648,0.5836060008564798,2507.820974792148,5015.641949584296
23,1,2.467131211259878,0.46713121125987817,2546.0558889496106,5092.111777899221
24,1,2.401409049620392,0.40140904962039203,2652.30108072521,5304.60216145042
25,1,2.455440437667487,0.45544043766748715,2532.7641486307907,5065.5282972615805
26,1,2.3858853435704694,0.38588534357046955,2608.1880537937845,5216.376107587569
27,1,2.4882370396580957,0.48823703965809584,2547.2708229829154,5094.541645965831
28,1,2.46090801646853,0.46090801646852997,2561.4269326474105,5122.853865294821
29,1,2.387295680610733,0.3872956806107331,2467.276240372833,4934.552480745666
30,1,2.531107975748727,0.531107975748727,2331.472925626513,4662.945851253026
31,1,2.514904186387913,0.514904186387913,2328.2416359106955,4656.483271821391
32,1,2.612546932153291,0.612546932153291,2239.701162125135,4479.40232425027
33,1,2.5153766076398947,0.5153766076398945,2311.7174582886805,4623.434916577361
34,1,2.700147338314386,0.700147338314386,2333.456768121786,4666.913536243572
35,1,2.5559157096581053,0.5559157096581056,2502.646941533104,5005.293883066207
36,1,2.584868893398271,0.5848688933982709,2356.2898883546222,4712.5797767092445
37,1,2.5708617980495228,0.5708617980495226,2363.1121301167773,4726.224260233555
38,1,2.587969276301949,0.5879692763019491,2324.4037060811697,4648.8074121623395
39,1,2.70920698776804,0.7092069877680398,2202.4671583788845,4404.934316757769
40,1,2.5824943267955223,0.5824943267955223,2347.9134634662023,4695.826926932405
41,1,2.6768428452783466,0.6768428452783464,2319.8157279644315,4639.631455928863
42,1,2.6359116408090886,0.6359116408090888,2305.853707036742,4611.707414073483
43,1,2.4898273481039075,0.4898273481039074,2400.702260725386,4801.404521450772
44,1,2.422795308120406,0.422795308120406,2482.171725962227,4964.343451924454
45,1,2.444729869449405,0.4447298694494051,2483.042626446999,4966.085252893998
46,1,2.4825440947915203,0.4825440947915205,2486.5099704929785,4973.019940985956
47,1,2.619876413459985,0.6198764134599852,2484.751066606684,4969.502133213367
48,1,2.809023361196078,0.8090233611960782,2322.417818044785,4644.83563608957
49,1,2.8918991238621814,0.8918991238621815,2137.9586990809707,4275.9173981619415
50,1,3.0073654165382857,1.0073654165382855,2023.2187009381194,4046.4374018762387
51,1,3.015328285207458,1.0153282852074579,1961.2822304645952,3922.5644609291903
52,1,3.1054120828233747,1.1054120828233747,2039.6212863064636,4079.2425726129272
53,1,3.179917173543041,1.1799171735430412,2023.3093025877488,4046.618605175497
54,1,3.213527347468984,1.2135273474689838,2150.997328357425,4301.99465671485
55,1,3.2749147200171365,1.2749147200171362,2084.821301244187,4169.642602488374
56,1,3.1948844963184775,1.1948844963184775,2263.7142211457403,4527.428442291481
57,1,3.1733694981933676,1.1733694981933676,2248.988868478973,4497.977736957946
58,1,3.0839212531099207,1.0839212531099205,2398.392188847802,4796.784377695604
59,1,3.06995170313849,1.0699517031384904,2482.7780962268903,4965.55619245378
60,1,3.092718804056256,1.092718804056256,2461.892764720892,4923.785529441783
61,1,3.175427578605434,1.175427578605434,2397.534766088633,4795.0695321772655
62,1,3.2972384219017825,1.2972384219017825,2181.696801746089,4363.393603492178
63,1,3.310187165150775,1.310187165150775,2138.035363542279,4276.070727084557
64,1,3.2286306842738455,1.2286306842738455,2191.866400956925,4383.73280191385
65,1,3.417139701213344,1.4171397012133442,1958.2780570954144,3916.5561141908283
66,1,3.5184155261233934,1.5184155261233934,1914.4913292406507,3828.9826584813013
67,1,3.5265022918062345,1.5265022918062345,1778.526711059678,3557.053422119356
68,1,3.5881789464524623,1.5881789464524625,1713.0687757609398,3426.1375515218792
69,1,3.594560044496374,1.594560044496374,1650.7599167176365,3301.519833435273
70,1,3.6036027156798833,1.6036027156798833,1685.6989678670354,3371.397935734071
71,1,3.5090491174047944,1.5090491174047944,1695.6255584927337,3391.2511169854674
72,1,3.406038863991439,1.4060388639914392,1726.6468173812739,3453.2936347625473
73,1,3.4212893315133077,1.4212893315133077,1789.1862603422687,3578.3725206845374
74,1,3.3443403452027067,1.3443403452027067,1922.5326526164,3845.0653052328
75,1,3.40197257678222,1.4019725767822202,1834.8413901666615,3669.6827803333226
76,1,3.3779960483865943,1.3779960483865943,1894.9489419818378,3789.8978839636757
77,1,3.396981632072507,1.396981632072507,1903.7576861264458,3807.5153722528917
78,1,3.372552978261991,1.3725529782619912,2002.4054839442783,4004.8109678885567
79,1,3.610714440236741,1.6107144402367413,1816.4101151958628,3632.820230391725
80,1,3.4236015524525345,1.4236015524525345,2010.0092261389834,4020.018452277967
81,1,3.3139998823756223,1.3139998823756225,2189.065931451343,4378.1318629026855
82,1,3.2634312715381446,1.2634312715381448,2270.6217536939025,4541.243507387804
83,1,3.295680109595521,1.2956801095955208,2246.9530635980163,4493.906127196033
84,1,3.188248399854528,1.1882483998545281,2368.4500681697,4736.900136339399
85,1,3.164528436212933,1.164528436212933,2223.834948040221,4447.669896080442
86,1,3.1467104810438844,1.1467104810438846,2294.0060026036026,4588.012005207204
87,1,3.321901290109933,1.321901290109933,2027.8820081126319,4055.7640162252637
88,1,3.3376929447136927,1.3376929447136925,1916.9957296274026,3833.9914592548052
89,1,3.374063585877744,1.3740635858777441,1913.5736147059554,3827.1472294119108
90,1,3.1981611721382346,1.1981611721382346,1996.7278564987334,3993.455712997467
91,1,3.2110745963035696,1.2110745963035696,1918.179835438576,3836.359670877152
92,1,3.1629295520615974,1.1629295520615974,1981.4631930490084,3962.926386098017
93,1,3.2541585924542096,1.2541585924542094,1934.8051775100053,3869.6103550200105
94,1,3.2209405827109556,1.2209405827109556,2014.481956708455,4028.96391341691
95,1,3.3645082868465286,1.3645082868465288,2049.918208176522,4099.836416353043
96,1,3.392514545812417,1.3925145458124166,2110.213674711127,4220.427349422254
97,1,3.357721121910809,1.3577211219108094,1954.6817641047621,3909.363528209524
98,1,3.2891634104414766,1.2891634104414764,2067.711108770409,4135.422217540818
99,1,3.168376278966404,1.168376278966404,2159.286984163785,4318.57396832757
