data/runs/84410c28-43f5-41c2-bed1-fe17e6803656/panel.csv
t,firm_id,price,cost,quantity,profit
0,2,3.0,1.0,2500.0,5000.0
1,2,3.0135290026429544,1.0135290026429544,2434.6467122884324,4869.293424576865
2,2,3.039777380828581,1.0397773808285808,2426.6044072686723,4853.208814537345
3,2,2.9505875141254734,0.9505875141254733,2556.612975397016,5113.225950794032
4,2,2.8904445442968054,0.8904445442968052,2607.767742990891,5215.535485981782
5,2,2.7910890038632763,0.7910890038632763,2641.9458394246344,5283.891678849269
6,2,2.8685407863044325,0.8685407863044328,2550.412208855788,5100.824417711575
7,2,2.8285442259648335,0.8285442259648337,2590.2194515110355,5180.43890302207
8,2,2.7465190798687473,0.7465190798687473,2563.331936857443,5126.663873714886
9,2,2.5648805164973174,0.5648805164973176,2714.749176104883,5429.4983522097655
10,2,2.5174003022957097,0.5174003022957098,2731.8740815073443,5463.7481630146885
11,2,2.4803109116646342,0.48031091166463424,2708.6092998145946,5417.218599629189
12,2,2.447370860287333,0.4473708602873332,2637.536547833484,5275.073095666968
13,2,2.632575710784801,0.632575710784801,2559.890796413426,5119.781592826852
14,2,2.6851906457779684,0.6851906457779686,2439.6310387127614,4879.262077425522
15,2,2.4996902942112107,0.4996902942112108,2651.499642159173,5302.999284318346
16,2,2.536604724057259,0.5366047240572593,2555.4090833843916,5110.818166768782
17,2,2.433005467745426,0.4330054677454259,2708.103159762413,5416.206319524826
18,2,2.532019638677352,0.532019638677352,2656.2667652754785,5312.533530550957
19,2,2.5247915623476214,0.5247915623476211,2669.2883866739226,5338.576773347845
20,2,2.612276356610375,0.6122763566103749,2662.7277463860887,5325.455492772177
21,2,2.540288471189469,0.5402884711894691,2664.6179629275784,5329.235925855157
22,2,2.365740316767157,0.3657403167671569,2796.4397230043874,5592.879446008775
23,2,2.2396681356678454,0.2396681356678453,2852.731594192765,5705.46318838553
24,2,2.2678431516248065,0.2678431516248066,2835.4780422301383,5670.9560844602765
25,2,2.1513050620377916,0.15130506203779165,2948.7428973051783,5897.485794610357
26,2,2.1814791038146026,0.18147910381460286,2888.85106541564,5777.702130831279
27,2,2.224086795051105,0.22408679505110535,2906.930294630112,5813.860589260223
28,2,2.184272329861242,0.1842723298612418,2941.3902451255276,5882.780490251055
29,2,2.0074914499208654,0.007491449920865423,2983.2607712361973,5966.521542472395
30,2,2.025304285388434,0.025304285388433937,3002.370279729712,6004.740559459424
31,2,2.0,0.0,3011.8828452175057,6023.7656904350115
32,2,2.0,0.0,3042.306403969845,6084.61280793969
33,2,2.0,0.0,2991.2131489221338,5982.4262978442675
34,2,2.1953439284079495,0.19534392840794965,3003.4224784331786,6006.844956866356
35,2,2.2869658776484356,0.28696587764843556,2862.867842010521,5725.735684021042
36,2,2.1460552071322363,0.14605520713223646,2934.376938255356,5868.753876510711
37,2,2.1049478501927683,0.10494785019276812,2983.0206362122794,5966.041272424559
38,2,2.0,0.0,3118.7995675474704,6237.599135094941
39,2,2.0,0.0,3139.8708281302106,6279.741656260421
40,2,2.0123239860385578,0.012323986038557819,3122.4320964312396,6244.864192862479
41,2,2.121031402826906,0.12103140282690587,3062.9958597371938,6125.9917194743875
42,2,2.041802862397302,0.04180286239730217,3103.4219852863243,6206.843970572649
43,2,2.0,0.0,3066.923608445877,6133.847216891754
44,2,2.0,0.0,3066.48368904683,6132.96737809366
45,2,2.0,0.0,3101.3875509185964,6202.775101837193
46,2,2.029968612531946,0.02996861253194565,3117.9254168017305,6235.850833603461
47,2,2.191845953132329,0.19184595313232877,3077.7158363806893,6155.431672761379
48,2,2.264888974862887,0.26488897486288676,3048.580276459391,6097.160552918782
49,2,2.1118219548287853,0.11182195482878549,3157.8457782594605,6315.69155651892
50,2,2.0761721109368367,0.07617211093683693,3222.915266979674,6445.830533959347
51,2,2.0495216786220154,0.04952167862201558,3178.793625790371,6357.587251580741
52,2,2.249356772184135,0.24935677218413504,3129.245126974084,6258.490253948168
53,2,2.3159350662191325,0.31593506621913253,3116.5464858049622,6233.0929716099245
54,2,2.5797781426958113,0.5797781426958113,2952.9545473688477,5905.909094737695
55,2,2.5735869967451475,0.5735869967451477,2960.466941425915,5920.933882851829
56,2,2.719160455456646,0.719160455456646,2871.5987929955177,5743.197585991035
57,2,2.669997858495999,0.669997858495999,2892.6312159900613,5785.2624319801225
58,2,2.7594550648191363,0.7594550648191364,2820.8314606335935,5641.662921267187
59,2,2.8883477785817187,0.8883477785817184,2718.7714231165232,5437.5428462330465
60,2,2.8348302645457197,0.8348302645457195,2800.7149962964645,5601.429992592929
61,2,2.8505390844271594,0.8505390844271593,2820.4184930628494,5640.836986125699
62,2,2.6690782549798784,0.6690782549798785,2986.741539190614,5973.483078381228
63,2,2.6161936091206877,0.6161936091206877,3024.918445515634,6049.836891031268
64,2,2.577358086597414,0.5773580865974138,3035.541167759432,6071.082335518864
65,2,2.464387661999156,0.46438766199915565,3153.2749026430947,6306.549805286189
66,2,2.5259899869067812,0.5259899869067813,3144.530934289348,6289.061868578696
67,2,2.3405634136538858,0.3405634136538859,3217.9830143763998,6435.966028752799
68,2,2.282377531119514,0.2823775311195138,3290.9855378874577,6581.971075774915
69,2,2.2065442709716847,0.2065442709716847,3304.362695292169,6608.725390584338
70,2,2.311041193265328,0.3110411932653279,3217.037988062211,6434.075976124422
71,2,2.2218195279894073,0.2218195279894073,3227.366657858845,6454.73331571769
72,2,2.113464380078289,0.11346438007828898,3295.2054358616865,6590.410871723372
73,2,2.225362847240207,0.2253628472402069,3253.4766253529897,6506.953250705979
74,2,2.34398209671524,0.34398209671523994,3170.2883026217255,6340.576605243451
75,2,2.30863336030922,0.30863336030922023,3169.6705344280304,6339.341068856061
76,2,2.3477280635247,0.34772806352470004,3171.884488281875,6343.76897656375
77,2,2.3943911534075655,0.3943911534075655,3142.8338782882875,6285.667756576575
78,2,2.5396318795890274,0.5396318795890276,3036.8164586515227,6073.632917303044
79,2,2.537913097372927,0.5379130973729269,3105.7733812969705,6211.546762593941
80,2,2.6748440828093973,0.6748440828093974,2922.7298129164133,5845.4596258328265
81,2,2.8399229405855433,0.8399229405855435,2774.61891106218,5549.237822124359
82,2,2.9125404385399394,0.9125404385399392,2706.0746353388145,5412.149270677629
83,2,2.9219204727356636,0.9219204727356636,2708.6623708415514,5417.324741683103
84,2,3.000792189669924,1.0007921896699241,2601.1765622876114,5202.353124575222
85,2,2.717779070054497,0.7177790700544971,2780.436257927702,5560.872515855404
86,2,2.837782227051796,0.837782227051796,2677.179359159802,5354.358718319604
87,2,2.6231048682686087,0.6231048682686089,2875.970301697763,5751.940603395525
88,2,2.481665560173554,0.48166556017355444,2941.0684352962667,5882.136870592532
89,2,2.526742702405315,0.5267427024053151,2923.0656278876277,5846.131255775254
90,2,2.399157485718003,0.39915748571800275,2977.284406867348,5954.568813734696
91,2,2.291640466752454,0.29164046675245403,3037.679187818322,6075.358375636644
92,2,2.360376023610679,0.36037602361067933,2959.7722488046234,5919.544497609247
93,2,2.391921151791268,0.3919211517912679,2977.623080601774,5955.246161203548
94,2,2.3928765509426064,0.3928765509426064,3047.7209591056644,6095.441918211329
95,2,2.6387487354135084,0.6387487354135085,2946.681640600798,5893.363281201596
96,2,2.7665091716126984,0.7665091716126983,2885.7703895791387,5771.5407791582775
97,2,2.478709108304459,0.478709108304459,3033.549561973679,6067.099123947358
98,2,2.563940749329969,0.5639407493299687,2971.460496150761,5942.920992301522
99,2,2.5501683395016936,0.5501683395016935,2941.389347813329,5882.778695626658
